nohup: ignoring input
Reusing msi_cv/embeddings_seed42.pkl
random seed with 42
seed 42 random 0 | n train/valid/test: 9481/0/2371 | acc: 0.8473 | auroc: 0.9215 | aupr: 0.9295 | f1: 0.8485
random seed with 42
seed 42 random 1 | n train/valid/test: 9481/0/2371 | acc: 0.8461 | auroc: 0.9100 | aupr: 0.9142 | f1: 0.8464
random seed with 42
seed 42 random 2 | n train/valid/test: 9482/0/2370 | acc: 0.8350 | auroc: 0.9102 | aupr: 0.9177 | f1: 0.8333
random seed with 42
seed 42 random 3 | n train/valid/test: 9482/0/2370 | acc: 0.8392 | auroc: 0.9169 | aupr: 0.9216 | f1: 0.8377
random seed with 42
seed 42 random 4 | n train/valid/test: 9482/0/2370 | acc: 0.8494 | auroc: 0.9229 | aupr: 0.9260 | f1: 0.8508
Reusing msi_cv/embeddings_seed43.pkl
random seed with 43
seed 43 random 0 | n train/valid/test: 9481/0/2371 | acc: 0.8397 | auroc: 0.9101 | aupr: 0.9189 | f1: 0.8403
random seed with 43
seed 43 random 1 | n train/valid/test: 9481/0/2371 | acc: 0.8477 | auroc: 0.9217 | aupr: 0.9297 | f1: 0.8455
random seed with 43
seed 43 random 2 | n train/valid/test: 9482/0/2370 | acc: 0.8523 | auroc: 0.9232 | aupr: 0.9290 | f1: 0.8522
random seed with 43
seed 43 random 3 | n train/valid/test: 9482/0/2370 | acc: 0.8515 | auroc: 0.9227 | aupr: 0.9308 | f1: 0.8508
random seed with 43
seed 43 random 4 | n train/valid/test: 9482/0/2370 | acc: 0.8426 | auroc: 0.9168 | aupr: 0.9181 | f1: 0.8429
Reusing msi_cv/embeddings_seed44.pkl
random seed with 44
seed 44 random 0 | n train/valid/test: 9481/0/2371 | acc: 0.8444 | auroc: 0.9186 | aupr: 0.9243 | f1: 0.8430
random seed with 44
seed 44 random 1 | n train/valid/test: 9481/0/2371 | acc: 0.8292 | auroc: 0.9112 | aupr: 0.9168 | f1: 0.8288
random seed with 44
seed 44 random 2 | n train/valid/test: 9482/0/2370 | acc: 0.8477 | auroc: 0.9227 | aupr: 0.9276 | f1: 0.8479
random seed with 44
seed 44 random 3 | n train/valid/test: 9482/0/2370 | acc: 0.8329 | auroc: 0.9109 | aupr: 0.9153 | f1: 0.8336
random seed with 44
seed 44 random 4 | n train/valid/test: 9482/0/2370 | acc: 0.8494 | auroc: 0.9221 | aupr: 0.9269 | f1: 0.8481
Reusing msi_cv/embeddings_seed45.pkl
random seed with 45
seed 45 random 0 | n train/valid/test: 9481/0/2371 | acc: 0.8444 | auroc: 0.9122 | aupr: 0.9144 | f1: 0.8434
random seed with 45
seed 45 random 1 | n train/valid/test: 9481/0/2371 | acc: 0.8477 | auroc: 0.9236 | aupr: 0.9312 | f1: 0.8483
random seed with 45
seed 45 random 2 | n train/valid/test: 9482/0/2370 | acc: 0.8342 | auroc: 0.9120 | aupr: 0.9211 | f1: 0.8314
random seed with 45
seed 45 random 3 | n train/valid/test: 9482/0/2370 | acc: 0.8380 | auroc: 0.9164 | aupr: 0.9272 | f1: 0.8366
random seed with 45
seed 45 random 4 | n train/valid/test: 9482/0/2370 | acc: 0.8392 | auroc: 0.9149 | aupr: 0.9228 | f1: 0.8386
Reusing msi_cv/embeddings_seed46.pkl
random seed with 46
seed 46 random 0 | n train/valid/test: 9481/0/2371 | acc: 0.8431 | auroc: 0.9163 | aupr: 0.9258 | f1: 0.8418
random seed with 46
seed 46 random 1 | n train/valid/test: 9481/0/2371 | acc: 0.8380 | auroc: 0.9164 | aupr: 0.9209 | f1: 0.8399
random seed with 46
seed 46 random 2 | n train/valid/test: 9482/0/2370 | acc: 0.8380 | auroc: 0.9093 | aupr: 0.9195 | f1: 0.8374
random seed with 46
seed 46 random 3 | n train/valid/test: 9482/0/2370 | acc: 0.8367 | auroc: 0.9081 | aupr: 0.9171 | f1: 0.8352
random seed with 46
seed 46 random 4 | n train/valid/test: 9482/0/2370 | acc: 0.8346 | auroc: 0.9072 | aupr: 0.9071 | f1: 0.8330
Reusing msi_cv/embeddings_seed47.pkl
random seed with 47
seed 47 random 0 | n train/valid/test: 9481/0/2371 | acc: 0.8444 | auroc: 0.9164 | aupr: 0.9284 | f1: 0.8440
random seed with 47
seed 47 random 1 | n train/valid/test: 9481/0/2371 | acc: 0.8237 | auroc: 0.9079 | aupr: 0.9155 | f1: 0.8227
random seed with 47
seed 47 random 2 | n train/valid/test: 9482/0/2370 | acc: 0.8527 | auroc: 0.9240 | aupr: 0.9321 | f1: 0.8538
random seed with 47
seed 47 random 3 | n train/valid/test: 9482/0/2370 | acc: 0.8350 | auroc: 0.9105 | aupr: 0.9158 | f1: 0.8344
random seed with 47
seed 47 random 4 | n train/valid/test: 9482/0/2370 | acc: 0.8473 | auroc: 0.9176 | aupr: 0.9226 | f1: 0.8469
Reusing msi_cv/embeddings_seed48.pkl
random seed with 48
seed 48 random 0 | n train/valid/test: 9481/0/2371 | acc: 0.8355 | auroc: 0.9082 | aupr: 0.9190 | f1: 0.8330
random seed with 48
seed 48 random 1 | n train/valid/test: 9481/0/2371 | acc: 0.8499 | auroc: 0.9155 | aupr: 0.9245 | f1: 0.8472
random seed with 48
seed 48 random 2 | n train/valid/test: 9482/0/2370 | acc: 0.8409 | auroc: 0.9156 | aupr: 0.9226 | f1: 0.8414
random seed with 48
seed 48 random 3 | n train/valid/test: 9482/0/2370 | acc: 0.8456 | auroc: 0.9118 | aupr: 0.9245 | f1: 0.8448
random seed with 48
seed 48 random 4 | n train/valid/test: 9482/0/2370 | acc: 0.8473 | auroc: 0.9192 | aupr: 0.9224 | f1: 0.8492
Reusing msi_cv/embeddings_seed49.pkl
random seed with 49
seed 49 random 0 | n train/valid/test: 9481/0/2371 | acc: 0.8347 | auroc: 0.9099 | aupr: 0.9160 | f1: 0.8318
random seed with 49
seed 49 random 1 | n train/valid/test: 9481/0/2371 | acc: 0.8292 | auroc: 0.9149 | aupr: 0.9228 | f1: 0.8286
random seed with 49
seed 49 random 2 | n train/valid/test: 9482/0/2370 | acc: 0.8468 | auroc: 0.9247 | aupr: 0.9278 | f1: 0.8492
random seed with 49
seed 49 random 3 | n train/valid/test: 9482/0/2370 | acc: 0.8426 | auroc: 0.9137 | aupr: 0.9200 | f1: 0.8416
random seed with 49
seed 49 random 4 | n train/valid/test: 9482/0/2370 | acc: 0.8414 | auroc: 0.9210 | aupr: 0.9316 | f1: 0.8400
Reusing msi_cv/embeddings_seed50.pkl
random seed with 50
seed 50 random 0 | n train/valid/test: 9481/0/2371 | acc: 0.8448 | auroc: 0.9130 | aupr: 0.9227 | f1: 0.8451
random seed with 50
seed 50 random 1 | n train/valid/test: 9481/0/2371 | acc: 0.8389 | auroc: 0.9170 | aupr: 0.9239 | f1: 0.8403
random seed with 50
seed 50 random 2 | n train/valid/test: 9482/0/2370 | acc: 0.8418 | auroc: 0.9124 | aupr: 0.9234 | f1: 0.8384
random seed with 50
seed 50 random 3 | n train/valid/test: 9482/0/2370 | acc: 0.8291 | auroc: 0.9074 | aupr: 0.9193 | f1: 0.8289
random seed with 50
seed 50 random 4 | n train/valid/test: 9482/0/2370 | acc: 0.8325 | auroc: 0.9138 | aupr: 0.9221 | f1: 0.8304
Reusing msi_cv/embeddings_seed51.pkl
random seed with 51
seed 51 random 0 | n train/valid/test: 9481/0/2371 | acc: 0.8393 | auroc: 0.9141 | aupr: 0.9196 | f1: 0.8394
random seed with 51
seed 51 random 1 | n train/valid/test: 9481/0/2371 | acc: 0.8461 | auroc: 0.9200 | aupr: 0.9267 | f1: 0.8454
random seed with 51
seed 51 random 2 | n train/valid/test: 9482/0/2370 | acc: 0.8266 | auroc: 0.9031 | aupr: 0.9066 | f1: 0.8238
random seed with 51
seed 51 random 3 | n train/valid/test: 9482/0/2370 | acc: 0.8380 | auroc: 0.9119 | aupr: 0.9172 | f1: 0.8381
random seed with 51
seed 51 random 4 | n train/valid/test: 9482/0/2370 | acc: 0.8426 | auroc: 0.9066 | aupr: 0.9178 | f1: 0.8423
==================================================
         acc   auroc    aupr      f1
seed                                
42    0.8434  0.9163  0.9218  0.8433
43    0.8468  0.9189  0.9253  0.8464
44    0.8407  0.9171  0.9222  0.8403
45    0.8407  0.9158  0.9233  0.8397
46    0.8381  0.9114  0.9181  0.8375
47    0.8406  0.9153  0.9229  0.8404
48    0.8438  0.9141  0.9226  0.8431
49    0.8389  0.9168  0.9236  0.8382
50    0.8374  0.9127  0.9223  0.8366
51    0.8385  0.9111  0.9176  0.8378
--------------------------------------------------
All 50 random splits: acc: 0.8409 ± 0.0070 | auroc: 0.9150 ± 0.0055 | aupr: 0.9220 ± 0.0058 | f1: 0.8403 ± 0.0075
