nohup: ignoring input
Reusing msi_cv/embeddings_seed42.pkl
random seed with 42
seed 42 disease 0 | n train/valid/test: 9286/0/2566 | acc: 0.6964 | auroc: 0.7853 | aupr: 0.8097 | f1: 0.6477
random seed with 42
seed 42 disease 1 | n train/valid/test: 9613/0/2239 | acc: 0.7222 | auroc: 0.8091 | aupr: 0.8035 | f1: 0.6429
random seed with 42
seed 42 disease 2 | n train/valid/test: 9367/0/2485 | acc: 0.7082 | auroc: 0.8099 | aupr: 0.8209 | f1: 0.6664
random seed with 42
seed 42 disease 3 | n train/valid/test: 9490/0/2362 | acc: 0.6753 | auroc: 0.7712 | aupr: 0.7508 | f1: 0.5669
random seed with 42
seed 42 disease 4 | n train/valid/test: 9652/0/2200 | acc: 0.7245 | auroc: 0.8202 | aupr: 0.8210 | f1: 0.6728
Reusing msi_cv/embeddings_seed43.pkl
random seed with 43
seed 43 disease 0 | n train/valid/test: 9416/0/2436 | acc: 0.6909 | auroc: 0.7889 | aupr: 0.7935 | f1: 0.6064
random seed with 43
seed 43 disease 1 | n train/valid/test: 9389/0/2463 | acc: 0.6979 | auroc: 0.8197 | aupr: 0.8274 | f1: 0.6381
random seed with 43
seed 43 disease 2 | n train/valid/test: 9552/0/2300 | acc: 0.6670 | auroc: 0.7622 | aupr: 0.7877 | f1: 0.5968
random seed with 43
seed 43 disease 3 | n train/valid/test: 9477/0/2375 | acc: 0.7154 | auroc: 0.8148 | aupr: 0.8100 | f1: 0.6579
random seed with 43
seed 43 disease 4 | n train/valid/test: 9574/0/2278 | acc: 0.6782 | auroc: 0.7951 | aupr: 0.7813 | f1: 0.5746
Reusing msi_cv/embeddings_seed44.pkl
random seed with 44
seed 44 disease 0 | n train/valid/test: 9717/0/2135 | acc: 0.7302 | auroc: 0.8178 | aupr: 0.8089 | f1: 0.6418
random seed with 44
seed 44 disease 1 | n train/valid/test: 9502/0/2350 | acc: 0.7128 | auroc: 0.7845 | aupr: 0.7818 | f1: 0.6551
random seed with 44
seed 44 disease 2 | n train/valid/test: 9233/0/2619 | acc: 0.6934 | auroc: 0.8020 | aupr: 0.8184 | f1: 0.6385
random seed with 44
seed 44 disease 3 | n train/valid/test: 9574/0/2278 | acc: 0.6989 | auroc: 0.7930 | aupr: 0.7871 | f1: 0.6328
random seed with 44
seed 44 disease 4 | n train/valid/test: 9382/0/2470 | acc: 0.6798 | auroc: 0.8054 | aupr: 0.8237 | f1: 0.6132
Reusing msi_cv/embeddings_seed45.pkl
random seed with 45
seed 45 disease 0 | n train/valid/test: 9368/0/2484 | acc: 0.7061 | auroc: 0.8162 | aupr: 0.8455 | f1: 0.6747
random seed with 45
seed 45 disease 1 | n train/valid/test: 9524/0/2328 | acc: 0.6826 | auroc: 0.7665 | aupr: 0.7688 | f1: 0.5990
random seed with 45
seed 45 disease 2 | n train/valid/test: 9471/0/2381 | acc: 0.6875 | auroc: 0.7774 | aupr: 0.7621 | f1: 0.5834
random seed with 45
seed 45 disease 3 | n train/valid/test: 9477/0/2375 | acc: 0.7107 | auroc: 0.8027 | aupr: 0.8037 | f1: 0.6507
random seed with 45
seed 45 disease 4 | n train/valid/test: 9568/0/2284 | acc: 0.6848 | auroc: 0.7667 | aupr: 0.7520 | f1: 0.5914
Reusing msi_cv/embeddings_seed46.pkl
random seed with 46
seed 46 disease 0 | n train/valid/test: 9489/0/2363 | acc: 0.7088 | auroc: 0.7941 | aupr: 0.7941 | f1: 0.6657
random seed with 46
seed 46 disease 1 | n train/valid/test: 9484/0/2368 | acc: 0.6601 | auroc: 0.7541 | aupr: 0.7633 | f1: 0.5545
random seed with 46
seed 46 disease 2 | n train/valid/test: 9457/0/2395 | acc: 0.6973 | auroc: 0.7934 | aupr: 0.8025 | f1: 0.6202
random seed with 46
seed 46 disease 3 | n train/valid/test: 9372/0/2480 | acc: 0.6855 | auroc: 0.7663 | aupr: 0.7951 | f1: 0.6199
random seed with 46
seed 46 disease 4 | n train/valid/test: 9606/0/2246 | acc: 0.6817 | auroc: 0.7812 | aupr: 0.7662 | f1: 0.5726
Reusing msi_cv/embeddings_seed47.pkl
random seed with 47
seed 47 disease 0 | n train/valid/test: 9419/0/2433 | acc: 0.6880 | auroc: 0.7854 | aupr: 0.8007 | f1: 0.6233
random seed with 47
seed 47 disease 1 | n train/valid/test: 9519/0/2333 | acc: 0.6888 | auroc: 0.8081 | aupr: 0.7963 | f1: 0.6151
random seed with 47
seed 47 disease 2 | n train/valid/test: 9532/0/2320 | acc: 0.6681 | auroc: 0.7647 | aupr: 0.7675 | f1: 0.5765
random seed with 47
seed 47 disease 3 | n train/valid/test: 9404/0/2448 | acc: 0.6748 | auroc: 0.7964 | aupr: 0.8087 | f1: 0.6008
random seed with 47
seed 47 disease 4 | n train/valid/test: 9534/0/2318 | acc: 0.7092 | auroc: 0.7872 | aupr: 0.7937 | f1: 0.6376
Reusing msi_cv/embeddings_seed48.pkl
random seed with 48
seed 48 disease 0 | n train/valid/test: 9227/0/2625 | acc: 0.6956 | auroc: 0.8017 | aupr: 0.8308 | f1: 0.6454
random seed with 48
seed 48 disease 1 | n train/valid/test: 9548/0/2304 | acc: 0.6619 | auroc: 0.7754 | aupr: 0.7675 | f1: 0.5601
random seed with 48
seed 48 disease 2 | n train/valid/test: 9552/0/2300 | acc: 0.6739 | auroc: 0.7491 | aupr: 0.7616 | f1: 0.5946
random seed with 48
seed 48 disease 3 | n train/valid/test: 9389/0/2463 | acc: 0.7296 | auroc: 0.8018 | aupr: 0.8184 | f1: 0.6767
random seed with 48
seed 48 disease 4 | n train/valid/test: 9692/0/2160 | acc: 0.7157 | auroc: 0.7882 | aupr: 0.7783 | f1: 0.6345
Reusing msi_cv/embeddings_seed49.pkl
random seed with 49
seed 49 disease 0 | n train/valid/test: 9287/0/2565 | acc: 0.6936 | auroc: 0.8027 | aupr: 0.8174 | f1: 0.6278
random seed with 49
seed 49 disease 1 | n train/valid/test: 9550/0/2302 | acc: 0.6746 | auroc: 0.7921 | aupr: 0.8085 | f1: 0.6052
random seed with 49
seed 49 disease 2 | n train/valid/test: 9456/0/2396 | acc: 0.7024 | auroc: 0.7964 | aupr: 0.7954 | f1: 0.6408
random seed with 49
seed 49 disease 3 | n train/valid/test: 9630/0/2222 | acc: 0.7196 | auroc: 0.8133 | aupr: 0.7811 | f1: 0.6298
random seed with 49
seed 49 disease 4 | n train/valid/test: 9485/0/2367 | acc: 0.6684 | auroc: 0.7405 | aupr: 0.7738 | f1: 0.5968
Reusing msi_cv/embeddings_seed50.pkl
random seed with 50
seed 50 disease 0 | n train/valid/test: 9736/0/2116 | acc: 0.7018 | auroc: 0.8041 | aupr: 0.7738 | f1: 0.6073
random seed with 50
seed 50 disease 1 | n train/valid/test: 9456/0/2396 | acc: 0.6824 | auroc: 0.7656 | aupr: 0.7787 | f1: 0.6014
random seed with 50
seed 50 disease 2 | n train/valid/test: 9462/0/2390 | acc: 0.7276 | auroc: 0.8208 | aupr: 0.8204 | f1: 0.6717
random seed with 50
seed 50 disease 3 | n train/valid/test: 9516/0/2336 | acc: 0.6973 | auroc: 0.7824 | aupr: 0.7974 | f1: 0.6406
random seed with 50
seed 50 disease 4 | n train/valid/test: 9238/0/2614 | acc: 0.6603 | auroc: 0.7791 | aupr: 0.7992 | f1: 0.5881
Reusing msi_cv/embeddings_seed51.pkl
random seed with 51
seed 51 disease 0 | n train/valid/test: 9440/0/2412 | acc: 0.7007 | auroc: 0.7857 | aupr: 0.8030 | f1: 0.6505
random seed with 51
seed 51 disease 1 | n train/valid/test: 9364/0/2488 | acc: 0.6616 | auroc: 0.7563 | aupr: 0.7648 | f1: 0.5836
random seed with 51
seed 51 disease 2 | n train/valid/test: 9565/0/2287 | acc: 0.7267 | auroc: 0.8172 | aupr: 0.8044 | f1: 0.6451
random seed with 51
seed 51 disease 3 | n train/valid/test: 9441/0/2411 | acc: 0.7076 | auroc: 0.7951 | aupr: 0.8002 | f1: 0.6452
random seed with 51
seed 51 disease 4 | n train/valid/test: 9598/0/2254 | acc: 0.6832 | auroc: 0.7926 | aupr: 0.7960 | f1: 0.6141
==================================================
         acc   auroc    aupr      f1
seed                                
42    0.7053  0.7991  0.8012  0.6393
43    0.6899  0.7961  0.8000  0.6148
44    0.7030  0.8005  0.8040  0.6363
45    0.6943  0.7859  0.7864  0.6198
46    0.6867  0.7778  0.7842  0.6066
47    0.6858  0.7884  0.7934  0.6107
48    0.6954  0.7832  0.7913  0.6223
49    0.6917  0.7890  0.7952  0.6201
50    0.6939  0.7904  0.7939  0.6218
51    0.6960  0.7894  0.7937  0.6277
--------------------------------------------------
All 50 disease splits: acc: 0.6942 ± 0.0198 | auroc: 0.7900 ± 0.0201 | aupr: 0.7943 ± 0.0220 | f1: 0.6219 ± 0.0323
